﻿
> seo-automation@0.0.0 build
> vite build

[36mvite v7.3.1 [32mbuilding client environment for production...[36m[39m
transforming...
node.exe : Error: Cannot apply unknown utility 
class `border-border`
At C:\Program Files\nodejs\npm.ps1:29 char:3
+   & $NODE_EXE $NPM_CLI_JS $args
+   ~~~~~~~~~~~~~~~~~~~~~~~~~~~~~
    + CategoryInfo          : NotSpecified: (Erro 
   r: Cannot a...`border-border`:String) [], Rem  
  oteException
    + FullyQualifiedErrorId : NativeCommandError
 
    at onInvalidCandidate (C:\SEO Automation\node_
modules\tailwindcss\dist\lib.js:21:1511)
    at Ee (C:\SEO Automation\node_modules\tailwind
css\dist\lib.js:16:37066)
    at C:\SEO Automation\node_modules\tailwindcss\
dist\lib.js:21:355
    at Pr (C:\SEO Automation\node_modules\tailwind
css\dist\lib.js:3:1733)
    at _ (C:\SEO Automation\node_modules\tailwindc
ss\dist\lib.js:3:1377)
    at Te (C:\SEO Automation\node_modules\tailwind
css\dist\lib.js:21:172)
    at pn (C:\SEO Automation\node_modules\tailwind
css\dist\lib.js:38:294)
    at async dn (C:\SEO Automation\node_modules\ta
ilwindcss\dist\lib.js:38:631)
    at async Xr (C:\SEO Automation\node_modules\@t
ailwindcss\node\dist\index.js:10:3417)
    at async N (C:\SEO Automation\node_modules\@ta
ilwindcss\postcss\dist\index.js:10:3979)
[32mÔ£ô[39m 1028 modules transformed.
[31mÔ£ù[39m Build failed in 2.67s
[31merror during build:
[31m[vite:css] [postcss] tailwindcss: C:/SEO 
Automation/src/index.css:1:1: Cannot apply 
unknown utility class `border-border`[31m
file: [36mC:/SEO 
Automation/src/index.css:1:0[31m
    at Input.error (C:\SEO Automation\node_modules
\postcss\lib\input.js:135:16)
    at Root.error (C:\SEO Automation\node_modules\
postcss\lib\node.js:146:32)
    at Object.Once (C:\SEO Automation\node_modules
\@tailwindcss\postcss\dist\index.js:10:6913)
    at async LazyResult.runAsync (C:\SEO Automatio
n\node_modules\postcss\lib\lazy-result.js:293:11)
    at async runPostCSS (file:///C:/SEO%20Automati
on/node_modules/vite/dist/node/chunks/config.js:30
145:19)
    at async compilePostCSS (file:///C:/SEO%20Auto
mation/node_modules/vite/dist/node/chunks/config.j
s:30129:6)
    at async compileCSS (file:///C:/SEO%20Automati
on/node_modules/vite/dist/node/chunks/config.js:30
059:26)
    at async Object.handler (file:///C:/SEO%20Auto
mation/node_modules/vite/dist/node/chunks/config.j
s:29592:54)
    at async transform (file:///C:/SEO%20Automatio
n/node_modules/rollup/dist/es/shared/node-entry.js
:21269:16)
    at async ModuleLoader.addModuleSource (file://
/C:/SEO%20Automation/node_modules/rollup/dist/es/s
hared/node-entry.js:21497:36)[39m
